// Jest Snapshot v1, https://goo.gl/fbAQLP

exports[`ThankYouPage component Should render thanksgiving page with title and 3 gifts 1`] = `
<DocumentFragment>
  <div
    class="wrapper"
  >
    <h3
      class="title"
    >
      Спасибо за прохождение теста!
    </h3>
    <p
      class="subtitle"
    >
      Ответы переданы нашему специалисту, он скоро
      <br />
       приступит к работе и свяжется с вами
    </p>
    <div
      class="gifts"
    >
      <h4
        class="title"
      >
        Гарантированные подарки:
      </h4>
      <div
        class="gifts_wrapper"
      >
        <div
          class="gift"
        >
          <img
            alt=""
            src="prices.png"
          />
          <p
            class="title"
          >
            <strong>
              3 варианта цены
            </strong>
            <br />
             на оригинал, аналог или б/у
          </p>
        </div>
        <div
          class="gift"
        >
          <img
            alt=""
            src="gloves.png"
          />
          <p
            class="title"
          >
            <strong>
              Перчатки
              <br />
               в подарок
            </strong>
          </p>
        </div>
        <div
          class="gift"
        >
          <img
            alt=""
            src="chat.png"
          />
          <p
            class="title"
          >
            <strong>
              Фото и видео запчастей
            </strong>
            <br />
             пришлем в Whatsapp
          </p>
        </div>
      </div>
    </div>
  </div>
</DocumentFragment>
`;
